// Jest Snapshot v1, https://goo.gl/fbAQLP

exports[`snapshot 1`] = `
<div
  style={
    Object {
      "margin": "1rem",
    }
  }
>
  Seconds: 
  0
</div>
`;
